../../corpus/Ast.m9                      tokens=630 errors=0
../../corpus/Concat.m9                   tokens=134 errors=0
../../corpus/Csv.m9                      tokens=4009 errors=0
../../corpus/Dict.m9                     tokens=1229 errors=0
../../corpus/Doc.m9                      tokens=5250 errors=0
../../corpus/DynStr.m9                   tokens=1708 errors=0
../../corpus/Fmt.m9                      tokens=2183 errors=0
../../corpus/Frame.m9                    tokens=15234 errors=0
../../corpus/Gen.m9                      tokens=27394 errors=0
../../corpus/Grib.m9                     tokens=3499 errors=0
../../corpus/Hello.m9                    tokens=181 errors=0
../../corpus/Http.m9                     tokens=1172 errors=0
../../corpus/HttpServer.m9               tokens=1675 errors=0
../../corpus/Io.m9                       tokens=2970 errors=0
../../corpus/Json.m9                     tokens=5910 errors=0
../../corpus/Lex.m9                      tokens=3510 errors=0
../../corpus/Logger.m9                   tokens=869 errors=0
../../corpus/Lsp.m9                      tokens=3393 errors=0
../../corpus/M9c.m9                      tokens=8849 errors=0
../../corpus/M9fmt.m9                    tokens=2338 errors=0
../../corpus/Mat.m9                      tokens=2775 errors=0
../../corpus/Math.m9                     tokens=3420 errors=0
../../corpus/NetCDF.m9                   tokens=9443 errors=0
../../corpus/OpenApi.m9                  tokens=755 errors=0
../../corpus/Parquet.m9                  tokens=9996 errors=0
../../corpus/Parse.m9                    tokens=10626 errors=0
../../corpus/Plot.m9                     tokens=7592 errors=0
../../corpus/Print.m9                    tokens=7199 errors=0
../../corpus/Sem.m9                      tokens=26924 errors=0
../../corpus/Stats.m9                    tokens=3441 errors=0
../../corpus/Syslog.m9                   tokens=646 errors=0
../../corpus/Text.m9                     tokens=1340 errors=0
../../corpus/Time.m9                     tokens=2364 errors=0
../../corpus/ZarrStore.m9                tokens=4491 errors=0
../../bench/BinTrees.m9                  tokens=565 errors=0
../../bench/Fannkuch.m9                  tokens=491 errors=0
../../bench/Mandel.m9                    tokens=489 errors=0
../../bench/ZarrSum.m9                   tokens=349 errors=0
../../museum/longreal-stride.m9          tokens=23 errors=0
../../museum/partial-case.m9             tokens=52 errors=0
../../museum/serial-from-threads.m9      tokens=58 errors=0
../../museum/trunc-nan.m9                tokens=23 errors=0
../../museum/unguarded-opt.m9            tokens=33 errors=0
