../../corpus/AggUse.m9                   tokens=755 errors=0
../../corpus/ApiSpec.m9                  tokens=1968 errors=0
../../corpus/Arrays.m9                   tokens=4104 errors=0
../../corpus/ArraysTest.m9               tokens=2154 errors=0
../../corpus/Arrow.m9                    tokens=4888 errors=0
../../corpus/Ast.m9                      tokens=646 errors=0
../../corpus/Bits.m9                     tokens=659 errors=0
../../corpus/Check.m9                    tokens=3590 errors=0
../../corpus/CheckTest.m9                tokens=1261 errors=0
../../corpus/Concat.m9                   tokens=218 errors=0
../../corpus/Csv.m9                      tokens=5034 errors=0
../../corpus/Delim.m9                    tokens=2428 errors=0
../../corpus/Diag.m9                     tokens=2681 errors=0
../../corpus/Dict.m9                     tokens=1273 errors=0
../../corpus/Doc.m9                      tokens=5459 errors=0
../../corpus/DynStr.m9                   tokens=1663 errors=0
../../corpus/EnumUse.m9                  tokens=523 errors=0
../../corpus/ExportDef.m9                tokens=202 errors=0
../../corpus/ExportUse.m9                tokens=131 errors=0
../../corpus/Faults.m9                   tokens=33 errors=0
../../corpus/Fmt.m9                      tokens=3784 errors=0
../../corpus/FmtTest.m9                  tokens=410 errors=0
../../corpus/Frame.m9                    tokens=21630 errors=0
../../corpus/FrameTest.m9                tokens=5773 errors=0
../../corpus/Gen.m9                      tokens=38835 errors=0
../../corpus/Grib.m9                     tokens=3490 errors=0
../../corpus/Hash.m9                     tokens=2873 errors=0
../../corpus/HashTest.m9                 tokens=1640 errors=0
../../corpus/Hello.m9                    tokens=177 errors=0
../../corpus/Http.m9                     tokens=11323 errors=0
../../corpus/HttpServer.m9               tokens=15821 errors=0
../../corpus/HttpTest.m9                 tokens=1501 errors=0
../../corpus/Io.m9                       tokens=3444 errors=0
../../corpus/Json.m9                     tokens=7751 errors=0
../../corpus/KindUse.m9                  tokens=115 errors=0
../../corpus/Lex.m9                      tokens=3565 errors=0
../../corpus/LibmGate.m9                 tokens=233 errors=0
../../corpus/Logger.m9                   tokens=956 errors=0
../../corpus/Lsp.m9                      tokens=2376 errors=0
../../corpus/M9c.m9                      tokens=17884 errors=0
../../corpus/M9elide.m9                  tokens=15890 errors=0
../../corpus/M9fmt.m9                    tokens=2415 errors=0
../../corpus/Map.m9                      tokens=32176 errors=0
../../corpus/MapTest.m9                  tokens=4451 errors=0
../../corpus/Mat.m9                      tokens=9361 errors=0
../../corpus/MatTest.m9                  tokens=2811 errors=0
../../corpus/Math.m9                     tokens=3838 errors=0
../../corpus/Narrow.m9                   tokens=909 errors=0
../../corpus/NbCells.m9                  tokens=2135 errors=0
../../corpus/NbCellsTest.m9              tokens=1725 errors=0
../../corpus/NbShow.m9                   tokens=4469 errors=0
../../corpus/NbShowTest.m9               tokens=1279 errors=0
../../corpus/NetCDF.m9                   tokens=10550 errors=0
../../corpus/Numeric.m9                  tokens=14054 errors=0
../../corpus/NumericTest.m9              tokens=6677 errors=0
../../corpus/OpenApi.m9                  tokens=679 errors=0
../../corpus/Palette.m9                  tokens=116 errors=0
../../corpus/Parquet.m9                  tokens=10379 errors=0
../../corpus/Parse.m9                    tokens=11304 errors=0
../../corpus/Pg.m9                       tokens=4218 errors=0
../../corpus/PgTest.m9                   tokens=2350 errors=0
../../corpus/Plot.m9                     tokens=17732 errors=0
../../corpus/PlotTest.m9                 tokens=4907 errors=0
../../corpus/Png.m9                      tokens=64772 errors=0
../../corpus/PngTest.m9                  tokens=4165 errors=0
../../corpus/Print.m9                    tokens=6852 errors=0
../../corpus/ProcUse.m9                  tokens=479 errors=0
../../corpus/Rdf.m9                      tokens=30148 errors=0
../../corpus/RdfTest.m9                  tokens=5378 errors=0
../../corpus/Regex.m9                    tokens=15190 errors=0
../../corpus/RegexTest.m9                tokens=3781 errors=0
../../corpus/Review.m9                   tokens=3777 errors=0
../../corpus/Rsa.m9                      tokens=2169 errors=0
../../corpus/RsaTest.m9                  tokens=2390 errors=0
../../corpus/Sem.m9                      tokens=52486 errors=0
../../corpus/ShareUse.m9                 tokens=609 errors=0
../../corpus/Smtp.m9                     tokens=5561 errors=0
../../corpus/SmtpTest.m9                 tokens=1821 errors=0
../../corpus/Sort.m9                     tokens=4124 errors=0
../../corpus/SortTest.m9                 tokens=1322 errors=0
../../corpus/Sparql.m9                   tokens=1755 errors=0
../../corpus/SparqlTest.m9               tokens=1773 errors=0
../../corpus/Stats.m9                    tokens=10929 errors=0
../../corpus/StatsTest.m9                tokens=5216 errors=0
../../corpus/Syslog.m9                   tokens=646 errors=0
../../corpus/System.m9                   tokens=3810 errors=0
../../corpus/SystemTest.m9               tokens=413 errors=0
../../corpus/Text.m9                     tokens=3239 errors=0
../../corpus/TextTest.m9                 tokens=2163 errors=0
../../corpus/Time.m9                     tokens=2393 errors=0
../../corpus/Xml.m9                      tokens=10271 errors=0
../../corpus/XmlTest.m9                  tokens=3247 errors=0
../../corpus/Zarr.m9                     tokens=11693 errors=0
../../corpus/ZarrStore.m9                tokens=4683 errors=0
../../corpus/ZarrStoreTest.m9            tokens=1773 errors=0
../../corpus/Zip.m9                      tokens=14262 errors=0
../../corpus/ZipTest.m9                  tokens=4635 errors=0
../../bench/BinTrees.m9                  tokens=565 errors=0
../../bench/Fannkuch.m9                  tokens=491 errors=0
../../bench/Mandel.m9                    tokens=472 errors=0
../../bench/ZarrSum.m9                   tokens=347 errors=0
../../museum/declared-twice.m9           tokens=101 errors=0
../../museum/escape-by-component.m9      tokens=133 errors=0
../../museum/escape-through-callee.m9    tokens=68 errors=0
../../museum/fall-off-end.m9             tokens=36 errors=0
../../museum/implicit-through-definition-const.m9 tokens=49 errors=0
../../museum/implicit-through-loop-variable.m9 tokens=34 errors=0
../../museum/longreal-stride.m9          tokens=23 errors=0
../../museum/named-not-imported.m9       tokens=74 errors=0
../../museum/partial-case.m9             tokens=52 errors=0
../../museum/serial-from-threads.m9      tokens=92 errors=0
../../museum/trunc-nan.m9                tokens=23 errors=0
../../museum/undeclared-type-in-new.m9   tokens=40 errors=0
../../museum/unguarded-opt.m9            tokens=33 errors=0
../../museum/write-through-copy.m9       tokens=60 errors=0
../../museum/write-through-literal.m9    tokens=42 errors=0
